0
1
9
15
1234567
2147483647
-1
-2
-9
-99
-1234567
-2147483648
